tiles = {'g': [((35, 32), 2),
       ((35, 26), 3),
       ((35, 18), 2),
       ((34, 32), 2),
       ((34, 24), 5),
       ((34, 18), 2),
       ((33, 32), 2),
       ((33, 28), 1),
       ((33, 24), 1),
       ((33, 18), 5),
       ((32, 28), 8),
       ((32, 24), 1),
       ((32, 22), 1),
       ((32, 18), 2),
       ((31, 35), 4),
       ((31, 21), 5),
       ((30, 35), 4),
       ((30, 21), 5),
       ((29, 35), 1),
       ((29, 21), 5),
       ((28, 30), 6),
       ((28, 21), 5),
       ((27, 30), 1),
       ((27, 24), 2),
       ((26, 30), 1),
       ((26, 21), 2),
       ((25, 30), 1),
       ((25, 25), 2),
       ((25, 21), 2),
       ((24, 22), 4),
       ((23, 25), 5),
       ((22, 25), 5),
       ((21, 25), 5),
       ((20, 25), 5),
       ((19, 25), 5),
       ((18, 25), 1),
       ((17, 23), 8),
       ((16, 28), 3),
       ((16, 23), 2),
       ((15, 28), 3),
       ((15, 23), 2),
       ((14, 23), 2),
       ((13, 23), 2)],
 'p': [((31, 33), 2),
       ((30, 33), 2),
       ((28, 20), 1),
       ((27, 20), 2),
       ((25, 27), 3)],
 'q': [((36, 31), 4),
       ((36, 25), 5),
       ((36, 17), 4),
       ((35, 34), 1),
       ((35, 31), 1),
       ((35, 29), 1),
       ((35, 23), 3),
       ((35, 20), 1),
       ((35, 17), 1),
       ((34, 34), 1),
       ((34, 31), 1),
       ((34, 29), 1),
       ((34, 20), 4),
       ((34, 17), 1),
       ((33, 34), 3),
       ((33, 29), 3),
       ((33, 25), 3),
       ((33, 23), 1),
       ((33, 17), 1),
       ((32, 36), 3),
       ((32, 25), 3),
       ((32, 23), 1),
       ((32, 20), 2),
       ((32, 17), 1),
       ((31, 26), 7),
       ((31, 17), 4),
       ((30, 32), 1),
       ((30, 26), 1),
       ((30, 20), 1),
       ((29, 36), 3),
       ((29, 29), 6),
       ((29, 26), 1),
       ((29, 19), 2),
       ((28, 36), 1),
       ((28, 29), 1),
       ((28, 26), 1),
       ((28, 19), 1),
       ((27, 31), 6),
       ((27, 29), 1),
       ((27, 26), 1),
       ((27, 22), 2),
       ((27, 19), 1),
       ((26, 31), 1),
       ((26, 23), 7),
       ((26, 19), 2),
       ((25, 31), 1),
       ((25, 23), 2),
       ((25, 20), 1),
       ((24, 26), 6),
       ((24, 20), 2),
       ((23, 30), 1),
       ((23, 21), 4),
       ((22, 30), 1),
       ((22, 24), 1),
       ((21, 30), 1),
       ((21, 24), 1),
       ((20, 30), 1),
       ((20, 24), 1),
       ((19, 30), 1),
       ((19, 24), 1),
       ((18, 26), 6),
       ((18, 22), 3),
       ((17, 31), 1),
       ((17, 22), 1),
       ((16, 31), 1),
       ((16, 25), 3),
       ((16, 22), 1),
       ((15, 31), 1),
       ((15, 27), 1),
       ((15, 25), 1),
       ((15, 22), 1),
       ((14, 27), 5),
       ((14, 25), 1),
       ((14, 22), 1),
       ((13, 25), 1),
       ((13, 22), 1)]}
zones = {u'entry_n': ((30, 37), (2, 1)),
 u'exit_n': ((30, 38), (2, 1)),
 u'exit_w': ((13, 23), (1, 2)),
 u'start': ((14, 23), (1, 2))}
entities = [(Barrel, (16, 24), 2),
 (CatKnightShield, (19, 29), 2),
 (CatKnightShield, (20, 29), 2),
 (CatKnightShield, (21, 29), 2),
 (CatKnightShield, (22, 29), 2),
 (CatKnightShield, (23, 29), 2),
 (FuzzleHoleLeft, (16, 29), 2),
 (Mine, (17, 27), 2),
 (PetRock, (25, 30), 2),
 (PetRock, (29, 21), 2),
 (PetRock, (25, 21), 2),
 (Squid, (28, 25), 2),
 (Squid, (31, 25), 2),
 (Squid, (31, 22), 2),
 (VictoryDoor, (34, 25), 2),
 (Mine, (32, 32), 2),
 (Mine, (32, 33), 2),
 (Mine, (33, 32), 2),
 (Barrel, (35, 28), 2),
 (Barrel, (35, 27), 2),
 (Barrel, (35, 26), 2),
 (Squid, (32, 19), 2),
 (Squid, (34, 18), 2),
 (Squid, (35, 19), 2)]
