tiles = {'g': [((44, 54), 2),
       ((43, 55), 1),
       ((42, 58), 2),
       ((42, 55), 1),
       ((42, 52), 2),
       ((41, 58), 2),
       ((41, 52), 4),
       ((40, 55), 5),
       ((40, 52), 2),
       ((39, 55), 5),
       ((39, 52), 2),
       ((38, 52), 2),
       ((37, 51), 3),
       ((37, 49), 1),
       ((36, 49), 5),
       ((35, 56), 1),
       ((35, 52), 2),
       ((34, 52), 5),
       ((33, 56), 1),
       ((32, 56), 1),
       ((32, 54), 1),
       ((32, 52), 1),
       ((31, 56), 6),
       ((31, 52), 3),
       ((30, 56), 6),
       ((29, 56), 1),
       ((29, 52), 2),
       ((28, 56), 1),
       ((28, 51), 4),
       ((27, 45), 12),
       ((26, 45), 12),
       ((25, 51), 4),
       ((25, 48), 2),
       ((24, 51), 4)],
 'p': [((45, 54), 2), ((35, 49), 2), ((30, 51), 4)],
 'q': [((46, 53), 4),
       ((45, 56), 1),
       ((45, 53), 1),
       ((44, 56), 1),
       ((44, 53), 1),
       ((43, 56), 1),
       ((43, 51), 4),
       ((42, 60), 1),
       ((42, 56), 2),
       ((42, 54), 1),
       ((42, 51), 1),
       ((41, 60), 1),
       ((41, 56), 2),
       ((41, 51), 1),
       ((40, 60), 1),
       ((40, 54), 1),
       ((40, 51), 1),
       ((39, 60), 1),
       ((39, 54), 1),
       ((39, 51), 1),
       ((38, 54), 7),
       ((38, 48), 4),
       ((37, 54), 1),
       ((37, 50), 1),
       ((37, 48), 1),
       ((36, 54), 4),
       ((36, 48), 1),
       ((35, 57), 1),
       ((35, 54), 2),
       ((35, 51), 1),
       ((35, 48), 1),
       ((34, 57), 1),
       ((34, 48), 4),
       ((33, 57), 1),
       ((33, 51), 5),
       ((32, 57), 5),
       ((32, 55), 1),
       ((32, 53), 1),
       ((32, 51), 1),
       ((31, 55), 1),
       ((31, 50), 2),
       ((30, 55), 1),
       ((30, 50), 1),
       ((29, 57), 5),
       ((29, 54), 2),
       ((29, 50), 2),
       ((28, 57), 1),
       ((28, 55), 1),
       ((28, 45), 6),
       ((27, 57), 1),
       ((26, 57), 1),
       ((25, 55), 3),
       ((25, 50), 1),
       ((25, 45), 3),
       ((24, 55), 1),
       ((24, 47), 4),
       ((23, 50), 6)]}
zones = {u'entry_e': ((41, 58), (1, 2)),
 u'entry_n': ((30, 60), (2, 1)),
 u'exit_e': ((42, 58), (1, 2)),
 u'exit_n': ((30, 61), (2, 1)),
 u'exit_s': ((26, 45), (2, 1)),
 u'start': ((26, 46), (2, 1))}
entities = [(Mine, (32, 54), 2),
 (Mine, (25, 49), 2),
 (Mine, (25, 48), 2),
 (FuzzleRight, (24, 54), 0),
 (FuzzleRight, (28, 54), 0),
 (FuzzleRight, (24, 51), 0),
 (FuzzleRight, (28, 51), 3),
 (Squid, (26, 53), 2),
 (Squid, (25, 53), 2),
 (PetRock, (32, 52), 2),
 (PetRock, (27, 53), 2),
 (FuzzleHoleLeft, (37, 49), 3),
 (Barrel, (35, 56), 2),
 (YellowDoor, (30.5, 58), 2),
 (Barrel, (39, 55), 2),
 (Turret, (42, 53), 3),
 (Turret, (42, 52), 3),
 (FuzzleHoleRight, (44, 54), 0),
 (PetRock, (39, 59), 2)]
