[level]
tileset = light_forest_tileset_0.png
map =	.,.,.,.,.,.,.,.,.,.,.,.,.
	'`'`'`'`'`'`'`'`'`'`'`'`'
	.,.,.,.,.,.,.,.,.,.,.,.,.
	'`'`'`'`'`'`'`'`'`'`'`'`'
	.,.,.,.,.,.,.,.,.,.,.,.,.
	'`'`'`'`'`'`'ab`'`'`'`'`'
	.\-----------:;---/,.,.,.
	'`'`'`'`'`'`'`'`'`'`'`'`'
	.,.,.,.,.,.,.,.,.,.,.,.,.
	'`'`'`'`'`'`'`'`'`'`'`'`'
	.,.,.,.,.,.,.,.,.,.,.,.,.
	'`'`'`'`'`'`'`'`'`'`'`'`'
	.,.,.,.,.,.,.,.,.,.,.,.,.
	'`'`'`'`'`'`'`'`'`'`'`'`'
	.,.,.,.,.,.,.,.,.,.,.,.,.
	'`'`'`'`'`'`'`'`'`'`'`'`'
	.,.,.,.,.,.,.,.,.,.,.,.,.
	'`'`'`'`'`'`'`'`'`'`'`'`'
	.,.,.,.,.,.,.,.,.,.,.,.,.
	'`'`'`'`'`'`'`'`'`'`'`'`'

[.]
name = grass1
tile = 0,17

[,]
name = grass2
tile = 0,18

[']
name = grass3
tile = 1,17

[`]
name = grass4
tile = 1,18

[:]
name = left_cliff
tile = 1,4
overlay = 0,1

[;]
name = right_cliff
tile = 1,4
overlay = 2,1

[-]
name = bottom_cliff
tile = 1,4

[\]
name = left_cliff_corner
tile = 0,4

[/]
name = right_cliff_corner
tile = 2,4

[a]
name = left_cliff_edge
tile = 0,1

[b]
name = right_cliff_edge
tile = 2,1