tiles = {'g': [((35, 13), 1),
       ((35, 11), 1),
       ((35, 9), 1),
       ((34, 6), 10),
       ((33, 15), 1),
       ((33, 13), 1),
       ((33, 11), 1),
       ((33, 9), 1),
       ((32, 15), 1),
       ((31, 15), 1),
       ((30, 15), 1),
       ((29, 15), 1),
       ((28, 15), 1),
       ((27, 15), 1),
       ((26, 15), 1),
       ((25, 15), 1),
       ((25, 13), 1),
       ((24, 15), 1),
       ((24, 13), 1),
       ((23, 13), 19),
       ((22, 13), 19),
       ((21, 13), 19),
       ((20, 13), 19),
       ((19, 13), 19),
       ((18, 15), 1),
       ((18, 13), 1),
       ((17, 15), 1),
       ((17, 13), 1),
       ((16, 15), 1),
       ((15, 15), 1),
       ((14, 15), 1),
       ((13, 15), 1),
       ((12, 15), 1),
       ((11, 15), 1),
       ((10, 15), 1),
       ((9, 15), 1),
       ((8, 13), 3),
       ((7, 13), 2),
       ((6, 13), 2),
       ((5, 13), 2)],
 'p': [((21, 32), 1)],
 'q': [((36, 8), 7),
       ((35, 14), 3),
       ((35, 12), 1),
       ((35, 10), 1),
       ((35, 6), 3),
       ((34, 16), 1),
       ((33, 16), 1),
       ((33, 14), 1),
       ((33, 12), 1),
       ((33, 10), 1),
       ((33, 6), 3),
       ((32, 16), 1),
       ((32, 8), 7),
       ((31, 16), 1),
       ((31, 14), 1),
       ((30, 16), 1),
       ((30, 14), 1),
       ((29, 16), 1),
       ((29, 14), 1),
       ((28, 16), 1),
       ((28, 14), 1),
       ((27, 16), 1),
       ((27, 14), 1),
       ((26, 16), 1),
       ((26, 12), 3),
       ((25, 16), 1),
       ((25, 14), 1),
       ((25, 12), 1),
       ((24, 16), 17),
       ((24, 14), 1),
       ((24, 12), 1),
       ((23, 32), 1),
       ((23, 12), 1),
       ((22, 32), 2),
       ((22, 12), 1),
       ((21, 33), 1),
       ((21, 12), 1),
       ((20, 32), 2),
       ((20, 12), 1),
       ((19, 32), 1),
       ((19, 12), 1),
       ((18, 16), 17),
       ((18, 14), 1),
       ((18, 12), 1),
       ((17, 16), 1),
       ((17, 14), 1),
       ((17, 12), 1),
       ((16, 16), 1),
       ((16, 12), 3),
       ((15, 16), 1),
       ((15, 14), 1),
       ((14, 16), 1),
       ((14, 14), 1),
       ((13, 16), 1),
       ((13, 14), 1),
       ((12, 16), 1),
       ((12, 14), 1),
       ((11, 16), 1),
       ((11, 14), 1),
       ((10, 16), 1),
       ((10, 14), 1),
       ((9, 16), 1),
       ((9, 12), 3),
       ((8, 16), 1),
       ((8, 12), 1),
       ((7, 15), 2),
       ((7, 12), 1),
       ((6, 15), 1),
       ((6, 12), 1),
       ((5, 15), 1),
       ((5, 12), 1)]}
zones = {u'badass': ((23, 15), (1, 1)),
 u'badass2': ((22, 15), (1, 1)),
 u'exit_w': ((5, 13), (1, 2)),
 u'final_exit': ((34, 6), (1, 1)),
 u'moaihere': ((9, 15), (1, 1)),
 u'oldman': ((18, 15), (1, 1)),
 u'start': ((6, 13), (1, 2))}
entities = [(VictoryDoor, (24, 15), 3),
 (Tree, (33, 13), 2),
 (Tree, (35, 13), 2),
 (Tree, (35, 11), 2),
 (Tree, (33, 11), 2),
 (Tree, (33, 9), 2),
 (Tree, (35, 9), 2),
 (Barrel, (19, 19), 2),
 (Barrel, (20, 19), 2),
 (Barrel, (21, 19), 2),
 (Barrel, (22, 19), 2),
 (Barrel, (23, 19), 2),
 (Barrel, (19, 22), 2),
 (Barrel, (20, 22), 2),
 (Barrel, (21, 22), 2),
 (Barrel, (22, 22), 2),
 (Barrel, (23, 22), 2),
 (Barrel, (23, 25), 2),
 (Barrel, (22, 25), 2),
 (Barrel, (21, 25), 2),
 (Barrel, (20, 25), 2),
 (Barrel, (19, 25), 2),
 (Barrel, (19, 28), 2),
 (Barrel, (20, 28), 2),
 (Barrel, (21, 28), 2),
 (Barrel, (19, 31), 2),
 (Barrel, (20, 31), 2),
 (Barrel, (21, 31), 2),
 (Barrel, (22, 31), 2),
 (BarrelBeast, (22, 28), 2),
 (BarrelBeast, (23, 28), 2),
 (Squid, (20, 21), 2),
 (Squid, (21, 20), 2),
 (Squid, (22, 21), 2),
 (Squid, (23, 20), 2),
 (Squid, (19, 20), 2),
 (Spider, (19, 23), 2),
 (Spider, (20, 24), 2),
 (Spider, (21, 23), 2),
 (Spider, (22, 24), 2),
 (Spider, (23, 23), 2),
 (Sparky, (19, 27), 3),
 (Sparky, (23, 26), 1),
 (EasyCrawlingBomb, (20, 30), 2),
 (EasyCrawlingBomb, (22, 30), 2),
 (BarrelBeast, (23, 31), 2),
 (FuzzleHoleLeft, (25, 13), 3)]
