tiles = {'g': [((48, 41), 2),
       ((47, 41), 2),
       ((46, 41), 2),
       ((45, 40), 3),
       ((44, 40), 2),
       ((43, 40), 3),
       ((42, 40), 2),
       ((41, 35), 9),
       ((40, 35), 9),
       ((39, 38), 6),
       ((38, 38), 6),
       ((36, 38), 4),
       ((35, 41), 1),
       ((35, 39), 1),
       ((34, 39), 1),
       ((33, 39), 2),
       ((32, 39), 1),
       ((31, 39), 1),
       ((30, 39), 1)],
 'p': [((37, 38), 6)],
 'q': [((48, 43), 1),
       ((48, 40), 1),
       ((47, 43), 1),
       ((47, 40), 1),
       ((46, 43), 1),
       ((46, 39), 2),
       ((45, 43), 1),
       ((45, 39), 1),
       ((44, 42), 2),
       ((44, 39), 1),
       ((43, 43), 1),
       ((43, 39), 1),
       ((42, 42), 3),
       ((42, 34), 6),
       ((41, 44), 1),
       ((41, 34), 1),
       ((40, 44), 1),
       ((40, 34), 1),
       ((39, 44), 1),
       ((39, 34), 4),
       ((38, 44), 1),
       ((38, 37), 1),
       ((37, 44), 1),
       ((37, 37), 1),
       ((36, 42), 3),
       ((36, 37), 1),
       ((35, 42), 1),
       ((35, 40), 1),
       ((35, 37), 2),
       ((34, 40), 3),
       ((34, 38), 1),
       ((33, 41), 1),
       ((33, 38), 1),
       ((32, 40), 2),
       ((32, 38), 1),
       ((31, 40), 1),
       ((31, 38), 1),
       ((30, 40), 1),
       ((30, 38), 1)]}
zones = {u'entry_e': ((47, 41), (1, 2)),
 u'exit_e': ((48, 41), (1, 2)),
 u'exit_w': ((30, 39), (1, 1)),
 u'oldman': ((33, 40), (1, 1)),
 u'start': ((31, 39), (1, 1))}
entities = [(PetRock, (39, 41), 2),
 (PetRock, (39, 38), 2),
 (PetRock, (35, 41), 2),
 (Mine, (36, 38), 2),
 (HardCrawlingBomb, (40, 35), 2),
 (Barrel, (45, 42), 2),
 (BarrelBeast, (45, 40), 2),
 (VictoryDoor, (45, 41), 3),
 (Barrel, (40, 43), 2),
 (Barrel, (41, 43), 2),
 (FuzzleHoleRight, (43, 42), 2)]
