tiles = {'g': [((56, 40), 7),
       ((56, 37), 2),
       ((55, 40), 2),
       ((55, 37), 2),
       ((54, 40), 2),
       ((54, 38), 1),
       ((53, 38), 4),
       ((52, 38), 8),
       ((51, 38), 6),
       ((50, 38), 6),
       ((48, 38), 6),
       ((47, 38), 7),
       ((47, 36), 1),
       ((46, 38), 7),
       ((46, 36), 1),
       ((45, 40), 2),
       ((44, 40), 2),
       ((43, 40), 2),
       ((42, 40), 2)],
 'p': [((51, 37), 1), ((49, 38), 6), ((47, 37), 1), ((46, 37), 1)],
 'q': [((57, 36), 11),
       ((56, 39), 1),
       ((56, 36), 1),
       ((55, 42), 5),
       ((55, 39), 1),
       ((55, 36), 1),
       ((54, 42), 1),
       ((54, 39), 1),
       ((54, 36), 2),
       ((53, 42), 5),
       ((53, 37), 1),
       ((52, 46), 1),
       ((52, 36), 2),
       ((51, 44), 3),
       ((51, 36), 1),
       ((50, 44), 1),
       ((50, 36), 2),
       ((49, 44), 1),
       ((49, 37), 1),
       ((48, 44), 2),
       ((48, 35), 3),
       ((47, 45), 1),
       ((47, 35), 1),
       ((46, 45), 1),
       ((46, 35), 1),
       ((45, 42), 4),
       ((45, 35), 5),
       ((44, 42), 1),
       ((44, 39), 1),
       ((43, 42), 1),
       ((43, 39), 1),
       ((42, 42), 1),
       ((42, 39), 1)]}
zones = {u'entry_n': ((56, 45), (1, 1)),
 u'exit_n': ((56, 46), (1, 1)),
 u'exit_w': ((42, 40), (1, 2)),
 u'oldman': ((56, 38), (1, 1)),
 u'start': ((43, 40), (1, 2))}
entities = [(PetRock, (47, 40), 2),
 (PetRock, (51, 39), 2),
 (Spider, (56, 43), 2),
 (EasyCrawlingBomb, (56, 42), 2),
 (EasyCrawlingBomb, (56, 41), 2),
 (HardCrawlingBomb, (56, 40), 2),
 (FuzzleHoleRight, (52, 45), 2),
 (CatKnightShield, (48, 42), 0),
 (VictoryDoor, (54, 38), 3)]
