tiles = {'g': [((18, 2), 5),
       ((17, 2), 5),
       ((16, 2), 5),
       ((15, 5), 2),
       ((15, 2), 2),
       ((14, 2), 5),
       ((14, -4), 5),
       ((13, 2), 5),
       ((13, -4), 5),
       ((12, 2), 1),
       ((12, -4), 5),
       ((11, 2), 1),
       ((11, 0), 1),
       ((11, -4), 3),
       ((10, 4), 2),
       ((10, 0), 3),
       ((10, -4), 3),
       ((9, 4), 2),
       ((9, 2), 1),
       ((8, 13), 3),
       ((8, 4), 2),
       ((8, 2), 1),
       ((7, 13), 3),
       ((7, 7), 5),
       ((7, 4), 1),
       ((7, 2), 1),
       ((6, 11), 5),
       ((6, 0), 10),
       ((5, 12), 4),
       ((5, 7), 2),
       ((5, 4), 1),
       ((4, 11), 5),
       ((4, 4), 2),
       ((4, 1), 2),
       ((3, 11), 5),
       ((3, -3), 9),
       ((2, 4), 2),
       ((2, 1), 2),
       ((2, -3), 2),
       ((1, -3), 3),
       ((0, 1), 3),
       ((0, -3), 3),
       ((-1, -3), 7),
       ((-2, 1), 3),
       ((-2, -3), 3)],
 'p': [((15, 4), 1), ((6, 10), 1)],
 'w': [((19, 1), 7),
       ((18, 7), 1),
       ((18, 1), 1),
       ((17, 7), 1),
       ((17, 1), 1),
       ((16, 7), 1),
       ((16, 1), 1),
       ((15, 7), 1),
       ((15, -5), 7),
       ((14, 7), 1),
       ((14, 1), 1),
       ((14, -5), 1),
       ((13, 7), 1),
       ((13, 1), 1),
       ((13, -5), 1),
       ((12, 3), 5),
       ((12, 1), 1),
       ((12, -5), 1),
       ((11, 3), 4),
       ((11, 1), 1),
       ((11, -1), 1),
       ((11, -5), 1),
       ((10, 6), 1),
       ((10, 3), 1),
       ((10, -1), 1),
       ((10, -5), 1),
       ((9, 12), 5),
       ((9, 6), 1),
       ((9, 3), 1),
       ((9, -5), 7),
       ((8, 16), 1),
       ((8, 6), 7),
       ((8, 3), 1),
       ((8, 1), 1),
       ((7, 16), 1),
       ((7, 12), 1),
       ((7, 5), 2),
       ((7, 3), 1),
       ((7, 0), 2),
       ((6, 16), 1),
       ((5, 16), 1),
       ((5, 9), 3),
       ((5, 5), 2),
       ((5, 0), 4),
       ((4, 16), 1),
       ((4, 6), 5),
       ((4, 3), 1),
       ((4, -4), 5),
       ((3, 16), 1),
       ((3, 10), 1),
       ((3, 6), 1),
       ((3, -4), 1),
       ((2, 10), 7),
       ((2, 6), 1),
       ((2, 3), 1),
       ((2, -1), 2),
       ((2, -4), 1),
       ((1, 0), 7),
       ((1, -4), 1),
       ((0, 4), 1),
       ((0, 0), 1),
       ((0, -4), 1),
       ((-1, 4), 1),
       ((-1, -4), 1),
       ((-2, 4), 1),
       ((-2, 0), 1),
       ((-2, -4), 1),
       ((-3, -4), 9)]}
zones = {u'entry': ((6, 1), (1, 1)), u'exit': ((6, 0), (1, 1))}
entities = [(CatKnight, (3, 5), 1),
 (Squid, (9, 5), 2),
 (Squid, (8, 5), 2),
 (Spider, (5, 7), 2),
 (Spider, (7, 8), 2),
 (Spookydile, (2, 2), 1),
 (Spookydile, (2, 1), 1),
 (Mine, (11, 2), 2),
 (Barrel, (10, 0), 2),
 (BarrelBeast, (11, -2), 2),
 (BarrelBeast, (13, -2), 2),
 (BarrelBeast, (12, -3), 2),
 (Sparky, (15, 6), 1),
 (Sparky, (16, 5), 1),
 (Sparky, (17, 4), 1),
 (Barrel, (13, 6), 2),
 (Barrel, (13, 5), 2),
 (Barrel, (13, 4), 2),
 (Barrel, (13, 3), 2),
 (FuzzleRight, (-1, -1), 0),
 (FuzzleRight, (0, -1), 0),
 (FuzzleRight, (-2, -3), 0),
 (FuzzleLeft, (-1, 3), 0),
 (FuzzleLeft, (0, 1), 0),
 (CatKnight, (2, 5), 1),
 (CatKnightShield, (3, 11), 2),
 (FuzzleHoleRight, (7, 14), 1),
 (CatKnightShield, (8, 15), 3),
 (Campfire, (18, 2), 2)]
