tiles = {'g': [((23, 7), 2),
       ((22, 1), 8),
       ((21, 7), 2),
       ((21, 1), 5),
       ((20, 4), 2),
       ((20, 1), 2),
       ((19, 7), 2),
       ((19, 4), 2),
       ((19, 1), 2),
       ((18, 4), 5),
       ((18, 1), 2),
       ((17, 7), 2),
       ((17, 4), 2),
       ((17, 1), 2),
       ((16, 4), 2),
       ((16, 1), 2),
       ((15, 7), 2),
       ((15, 4), 2),
       ((15, 1), 2),
       ((14, 4), 5),
       ((14, 1), 2),
       ((13, 7), 2),
       ((13, 4), 2),
       ((13, 1), 2),
       ((12, 4), 2),
       ((12, 1), 2),
       ((11, 4), 2),
       ((11, 1), 2),
       ((10, 4), 2),
       ((10, -2), 5),
       ((9, 4), 2),
       ((9, -5), 8),
       ((8, 4), 2),
       ((8, -2), 5),
       ((7, 4), 2),
       ((7, 0), 1),
       ((6, 4), 2),
       ((6, -2), 5),
       ((5, 4), 2),
       ((5, 0), 1),
       ((5, -2), 1),
       ((4, 4), 2)],
 'p': [((11, 6), 3), ((10, 6), 3), ((9, 6), 3), ((8, 6), 3)],
 'q': [((24, 6), 4),
       ((23, 9), 1),
       ((23, 0), 7),
       ((22, 9), 1),
       ((22, 0), 1),
       ((21, 9), 1),
       ((21, 6), 1),
       ((21, 0), 1),
       ((20, 6), 4),
       ((20, 3), 1),
       ((20, 0), 1),
       ((19, 9), 1),
       ((19, 6), 1),
       ((19, 3), 1),
       ((19, 0), 1),
       ((18, 9), 1),
       ((18, 3), 1),
       ((18, 0), 1),
       ((17, 9), 1),
       ((17, 6), 1),
       ((17, 3), 1),
       ((17, 0), 1),
       ((16, 6), 4),
       ((16, 3), 1),
       ((16, 0), 1),
       ((15, 9), 1),
       ((15, 6), 1),
       ((15, 3), 1),
       ((15, 0), 1),
       ((14, 9), 1),
       ((14, 3), 1),
       ((14, 0), 1),
       ((13, 9), 1),
       ((13, 6), 1),
       ((13, 3), 1),
       ((13, 0), 1),
       ((12, 6), 4),
       ((12, 3), 1),
       ((12, 0), 1),
       ((11, 9), 1),
       ((11, 3), 1),
       ((11, -3), 4),
       ((10, 9), 1),
       ((10, 3), 1),
       ((10, -5), 3),
       ((9, 9), 1),
       ((9, 3), 1),
       ((8, 9), 1),
       ((8, 3), 1),
       ((8, -5), 3),
       ((7, 6), 4),
       ((7, 1), 3),
       ((7, -3), 3),
       ((6, 6), 1),
       ((6, 3), 1),
       ((6, -3), 1),
       ((5, 6), 1),
       ((5, 1), 3),
       ((5, -1), 1),
       ((5, -3), 1),
       ((4, 6), 1),
       ((4, 3), 1),
       ((4, -3), 5)]}
zones = {u'entry_s': ((9, -4), (1, 1)),
 u'exit_s': ((9, -5), (1, 1)),
 u'exit_w': ((4, 4), (1, 2)),
 u'start': ((5, 4), (1, 2))}
entities = [(Sparky, (8, 8), 2),
 (Sparky, (9, 8), 2),
 (Sparky, (11, 8), 2),
 (Sparky, (10, 8), 2),
 (FuzzleLeft, (12, 4), 3),
 (FuzzleRight, (13, 4), 3),
 (FuzzleLeft, (14, 4), 3),
 (FuzzleRight, (11, 4), 3),
 (FuzzleRight, (13, 7), 0),
 (Barrel, (13, 5), 2),
 (Barrel, (19, 5), 2),
 (Barrel, (20, 5), 2),
 (Sparky, (17, 7), 2),
 (Sparky, (19, 8), 2),
 (Mine, (21, 7), 2),
 (Barrel, (21, 8), 2),
 (Barrel, (23, 8), 2),
 (Sparky, (17, 2), 2),
 (Sparky, (19, 2), 2),
 (Sparky, (15, 2), 2),
 (Barrel, (20, 2), 2),
 (Barrel, (18, 2), 2),
 (Barrel, (16, 2), 2),
 (BarrelBeast, (14, 2), 2),
 (Barrel, (12, 2), 2),
 (Sparky, (13, 2), 2),
 (FuzzleHoleLeft, (9, 0), 1),
 (FuzzleHoleLeft, (9, -1), 3),
 (VictoryDoor, (9, -3), 2),
 (Mine, (5, -2), 2),
 (Mine, (6, -2), 2),
 (Mine, (6, -1), 2),
 (Mine, (5, 0), 2),
 (Mine, (6, 0), 2),
 (Mine, (6, 1), 2),
 (Mine, (6, 2), 2)]
