tiles = {'g': [((12, 21), 2),
       ((11, 21), 2),
       ((10, 21), 2),
       ((9, 18), 8),
       ((8, 18), 8),
       ((7, 21), 2),
       ((6, 19), 5),
       ((5, 23), 1),
       ((5, 21), 1),
       ((5, 19), 1),
       ((4, 19), 5),
       ((2, 24), 3),
       ((2, 16), 4),
       ((1, 26), 1),
       ((1, 24), 1),
       ((1, 18), 1),
       ((1, 16), 1),
       ((0, 26), 1),
       ((0, 20), 3),
       ((0, 18), 1),
       ((0, 16), 1),
       ((-1, 26), 1),
       ((-1, 21), 1),
       ((-1, 16), 1),
       ((-2, 26), 1),
       ((-2, 21), 1),
       ((-2, 16), 1),
       ((-3, 26), 1),
       ((-3, 21), 1),
       ((-3, 16), 1),
       ((-4, 26), 1),
       ((-4, 21), 1),
       ((-4, 16), 1),
       ((-5, 26), 1),
       ((-5, 21), 1),
       ((-5, 16), 1)],
 'p': [((3, 21), 1), ((2, 23), 1), ((2, 21), 1), ((1, 19), 5)],
 'q': [((12, 23), 1),
       ((12, 20), 1),
       ((11, 23), 1),
       ((11, 20), 1),
       ((10, 23), 3),
       ((10, 18), 3),
       ((7, 23), 3),
       ((7, 18), 3),
       ((6, 24), 1),
       ((6, 18), 1),
       ((5, 24), 1),
       ((5, 22), 1),
       ((5, 20), 1),
       ((5, 18), 1),
       ((4, 24), 1),
       ((4, 18), 1),
       ((3, 22), 6),
       ((3, 15), 6),
       ((2, 27), 1),
       ((2, 22), 1),
       ((2, 20), 1),
       ((2, 15), 1),
       ((1, 27), 1),
       ((1, 25), 1),
       ((1, 17), 1),
       ((1, 15), 1),
       ((0, 27), 1),
       ((0, 23), 3),
       ((0, 19), 1),
       ((0, 17), 1),
       ((0, 15), 1),
       ((-1, 27), 1),
       ((-1, 25), 1),
       ((-1, 22), 2),
       ((-1, 17), 4),
       ((-1, 15), 1),
       ((-2, 27), 1),
       ((-2, 25), 1),
       ((-2, 22), 1),
       ((-2, 20), 1),
       ((-2, 17), 1),
       ((-2, 15), 1),
       ((-3, 27), 1),
       ((-3, 25), 1),
       ((-3, 22), 1),
       ((-3, 20), 1),
       ((-3, 17), 1),
       ((-3, 15), 1),
       ((-4, 27), 1),
       ((-4, 25), 1),
       ((-4, 22), 1),
       ((-4, 20), 1),
       ((-4, 17), 1),
       ((-4, 15), 1),
       ((-5, 27), 1),
       ((-5, 25), 1),
       ((-5, 22), 1),
       ((-5, 20), 1),
       ((-5, 17), 1),
       ((-5, 15), 1)]}
zones = {u'entry_e': ((11, 21), (1, 2)),
 u'entry_n': ((8, 24), (2, 1)),
 u'exit_e': ((12, 21), (1, 2)),
 u'exit_n': ((8, 25), (2, 1)),
 u'exit_s': ((8, 18), (2, 1)),
 u'oldman': ((6, 22), (1, 1)),
 u'start': ((8, 19), (2, 1))}
entities = [(Barrel, (2, 19), 2),
 (Barrel, (0, 20), 2),
 (Barrel, (1, 24), 2),
 (Barrel, (1, 18), 2),
 (Barrel, (0, 18), 2)]
