tiles = {'g': [((16, 7), 2),
       ((15, 7), 2),
       ((14, 7), 2),
       ((13, 4), 5),
       ((12, 4), 6),
       ((11, 5), 5),
       ((10, 5), 4),
       ((9, 5), 4),
       ((8, 1), 8),
       ((7, 5), 4),
       ((6, 5), 3),
       ((5, 5), 5),
       ((4, 5), 5),
       ((3, 4), 6),
       ((2, 4), 4)],
 'p': [((12, 10), 2), ((11, 10), 2)],
 'q': [((16, 9), 1),
       ((16, 6), 1),
       ((15, 9), 1),
       ((15, 6), 1),
       ((14, 9), 1),
       ((14, 3), 4),
       ((13, 9), 4),
       ((13, 3), 1),
       ((12, 12), 1),
       ((12, 3), 1),
       ((11, 12), 1),
       ((11, 3), 2),
       ((10, 9), 4),
       ((10, 4), 1),
       ((9, 9), 1),
       ((9, 1), 4),
       ((8, 9), 1),
       ((7, 9), 1),
       ((7, 1), 4),
       ((6, 8), 3),
       ((6, 4), 1),
       ((5, 10), 1),
       ((5, 4), 1),
       ((4, 10), 1),
       ((4, 3), 2),
       ((3, 10), 1),
       ((3, 3), 1),
       ((2, 8), 3),
       ((2, 3), 1),
       ((1, 3), 6)]}
zones = {u'entry_e': ((15, 7), (1, 2)),
 u'entry_s': ((8, 2), (1, 1)),
 u'exit_e': ((16, 7), (1, 2)),
 u'exit_s': ((8, 1), (1, 1))}
entities = [(Barrel, (10, 8), 2),
 (Barrel, (10, 7), 2),
 (Barrel, (10, 6), 2),
 (Barrel, (10, 5), 2),
 (FuzzleHoleRight, (4, 7), 0),
 (FuzzleLeft, (8, 5), 0),
 (FuzzleLeft, (3, 4), 0),
 (FuzzleRight, (4, 6), 3),
 (FuzzleRight, (2, 6), 2),
 (FuzzleHoleLeft, (12, 4), 1)]
