tiles = {'g': [((17, 9), 1),
       ((16, 13), 4),
       ((16, 9), 1),
       ((15, 13), 4),
       ((15, 9), 1),
       ((14, 13), 2),
       ((14, 6), 4),
       ((13, 12), 3),
       ((13, 6), 4),
       ((12, 6), 9),
       ((11, 14), 1),
       ((11, 9), 4),
       ((10, 9), 3),
       ((9, 11), 1),
       ((7, 13), 1)],
 'p': [((15, 10), 2),
       ((14, 10), 2),
       ((13, 10), 2),
       ((11, 13), 1),
       ((10, 12), 2),
       ((9, 12), 1),
       ((9, 9), 2),
       ((8, 12), 2),
       ((8, 9), 2),
       ((7, 12), 1),
       ((6, 11), 2)],
 'q': [((18, 8), 3),
       ((17, 12), 5),
       ((17, 10), 1),
       ((17, 8), 1),
       ((16, 10), 3),
       ((16, 8), 1),
       ((15, 12), 1),
       ((15, 6), 3),
       ((14, 15), 2),
       ((14, 12), 1),
       ((13, 15), 1),
       ((12, 15), 1),
       ((11, 15), 1),
       ((11, 6), 3),
       ((10, 14), 2),
       ((10, 8), 1),
       ((9, 13), 2),
       ((9, 8), 1),
       ((8, 14), 1),
       ((8, 11), 1),
       ((8, 8), 1),
       ((7, 14), 1),
       ((7, 8), 4),
       ((6, 13), 2),
       ((6, 10), 1),
       ((5, 10), 4)]}
zones = {u'entry_n': ((15, 15), (2, 1)),
 u'entry_s': ((12, 7), (3, 1)),
 u'exit_n': ((15, 16), (2, 1)),
 u'exit_s': ((12, 6), (3, 1))}
entities = [(Barrel, (7, 13), 2),
 (Barrel, (11, 14), 2),
 (CatKnight, (14, 14), 2),
 (FuzzleHoleRight, (17, 9), 3)]
